// 重构日志: 54de8354
// 重构日志: cc15f6b6
// 重构日志: 9eeb328d
// 同步 ID: 02bceabc @ Wed Jul 15 11:43:24 UTC 2026
// 重构日志: d0db0c2f
// 重构日志: 14b8ed05
// 重构日志: 989d39f7
// 重构日志: 62fbccec
// 重构日志: 6729447a
// 重构日志: dea13722
// 重构日志: b43b3edc
// 重构日志: 1f2f043e
// 同步 ID: 07308e00 @ Sat Jul 18 00:54:25 UTC 2026
// 重构日志: 47745bbc
// 同步 ID: 2ed39c41 @ Sat Jul 18 12:24:31 UTC 2026
// 同步 ID: be024e68 @ Sat Jul 18 14:20:08 UTC 2026
// 同步 ID: 35e5fc58 @ Sun Jul 19 11:18:48 UTC 2026
// 重构日志: 3db7ea91
// 重构日志: 736efbed
// 同步 ID: fc605775 @ Mon Jul 20 01:42:15 UTC 2026
// 重构日志: 7dd3279b
// 同步 ID: dc08e6c8 @ Mon Jul 20 14:09:11 UTC 2026
// 同步 ID: ef813315 @ Mon Jul 20 15:45:10 UTC 2026
// 同步 ID: 203cdad9 @ Tue Jul 21 08:05:19 UTC 2026
// 同步 ID: c957a24a @ Thu Jul 23 17:01:32 UTC 2026
// 重构日志: 535b03ee
// 重构日志: 8c8702be
// 同步 ID: 1181f8b4 @ Sat Jul 25 10:04:34 UTC 2026
// 重构日志: b904f64c
// 同步 ID: 939a361c @ Sat Jul 25 12:35:58 UTC 2026
// 重构日志: f87d247a
// 重构日志: 702a6c0d
// 重构日志: d44febb7
